
> app@0.0.0 build
> tsc -b && vite build

[36mvite v7.2.7 [32mbuilding client environment for production...[36m[39m
transforming...
[32mΓ£ô[39m 64 modules transformed.
Γ£ù Build failed in 564ms
error during build:
Could not resolve "../assets/images/external/about-story.jpg" from "src/pages/AboutPage.tsx"
file: D:/Projects/Empreender/Portifolio/app/src/pages/AboutPage.tsx
    at getRollupError (file:///D:/Projects/Empreender/Portifolio/app/node_modules/rollup/dist/es/shared/parseAst.js:401:41)
    at error (file:///D:/Projects/Empreender/Portifolio/app/node_modules/rollup/dist/es/shared/parseAst.js:397:42)
    at ModuleLoader.handleInvalidResolvedId (file:///D:/Projects/Empreender/Portifolio/app/node_modules/rollup/dist/es/shared/node-entry.js:21590:24)
    at file:///D:/Projects/Empreender/Portifolio/app/node_modules/rollup/dist/es/shared/node-entry.js:21550:26
